---
source: crates/zuit-show/src/router.rs
assertion_line: 357
expression: "serde_json::to_string_pretty(&redacted).unwrap()"
---
[
  {
    "hash": "[hash]",
    "name": "[name]",
    "root": "[root]",
    "last_scan_at": "[last_scan_at]",
    "scan_count": 1,
    "latest_scores": "[latest_scores]"
  }
]
